// Vitest Snapshot v1, https://vitest.dev/guide/snapshot.html

exports[`<Resources /> > rendering: component renders without crashing 1`] = `
<div>
  <div
    class="bg-gradient-to-r from-indigo-500 to-purple-500 rounded-3xl shadow-lg mb-12 p-10"
  >
    <h1
      class="text-4xl font-bold text-white mb-8"
    >
      Advanced Audit Log
    </h1>
    <div
      class="flex flex-col md:flex-row justify-between items-center space-y-4 md:space-y-0 md:space-x-4"
    >
      <input
        class="w-full md:w-3/4 p-4 rounded-full border-0 focus:ring-2 focus:ring-indigo-300 transition text-gray-700 text-lg"
        placeholder="Search by ID or type..."
        type="text"
        value=""
      />
      <button
        class="w-full md:w-auto px-10 py-4 bg-indigo-600 text-white text-lg font-semibold rounded-full shadow-lg hover:bg-indigo-700 transition-all duration-300 ease-in-out"
      >
        Search
      </button>
    </div>
  </div>
  <table
    class="min-w-full divide-y divide-gray-200"
  >
    <thead
      class="bg-gray-50"
    >
      <tr>
        <th
          class="px-6 py-3 text-left text-xs font-medium text-gray-500 uppercase tracking-wider"
          scope="col"
        >
          ID
        </th>
        <th
          class="px-6 py-3 text-left text-xs font-medium text-gray-500 uppercase tracking-wider"
          scope="col"
        >
          Type
        </th>
        <th
          class="px-6 py-3 text-left text-xs font-medium text-gray-500 uppercase tracking-wider"
          scope="col"
        >
          Last Updated
        </th>
        <th
          class="px-6 py-3 text-left text-xs font-medium text-gray-500 uppercase tracking-wider"
          scope="col"
        >
          Version
        </th>
      </tr>
    </thead>
    <tbody
      class="bg-white divide-y divide-gray-200"
    >
      <tr
        class="cursor-pointer hover:bg-gray-100 "
      >
        <td
          class="px-6 py-4 whitespace-nowrap"
        >
          ext1
        </td>
        <td
          class="px-6 py-4 whitespace-nowrap"
        >
          user
        </td>
        <td
          class="px-6 py-4 whitespace-nowrap"
        >
          1/1/2023, 1:00:00 AM
        </td>
        <td
          class="px-6 py-4 whitespace-nowrap"
        >
          1
        </td>
      </tr>
      <tr
        class="cursor-pointer hover:bg-gray-100 "
      >
        <td
          class="px-6 py-4 whitespace-nowrap"
        >
          ext2
        </td>
        <td
          class="px-6 py-4 whitespace-nowrap"
        >
          post
        </td>
        <td
          class="px-6 py-4 whitespace-nowrap"
        >
          1/2/2023, 1:00:00 AM
        </td>
        <td
          class="px-6 py-4 whitespace-nowrap"
        >
          2
        </td>
      </tr>
    </tbody>
  </table>
  <div
    class="flex justify-between items-center mt-8"
  >
    <p
      class="text-sm text-gray-500"
    >
      Showing 
      2
       of 
      2
       entries
    </p>
    <div
      class="flex space-x-2 items-center"
    >
      <button
        class="text-gray-600 px-4 py-2 rounded-lg bg-white hover:bg-gray-50 disabled:opacity-50 transition-all shadow-sm"
        disabled=""
      >
        «
      </button>
      <div
        class="text-sm text-gray-600"
      >
        Page 
        1
         of 
        1
      </div>
      <button
        class="text-gray-600 px-4 py-2 rounded-lg bg-white hover:bg-gray-50 disabled:opacity-50 transition-all shadow-sm"
        disabled=""
      >
        »
      </button>
    </div>
  </div>
</div>
`;
