// Vitest Snapshot v1, https://vitest.dev/guide/snapshot.html

exports[`<Versions /> > rendering: component renders without crashing 1`] = `
<div>
  <div
    class="container mx-auto px-4 py-8"
  >
    <div
      class="mb-8 bg-gradient-to-r from-blue-500 to-purple-600 rounded-lg shadow-lg"
    >
      <div
        class="px-6 py-4 flex items-center justify-between"
      >
        <div>
          <h1
            class="text-3xl font-bold text-white mb-2"
          >
            Resource Revisions
          </h1>
        </div>
        <button
          class="flex items-center px-4 py-2 bg-blue-500 text-white rounded hover:bg-blue-600 transition-colors"
        >
          <svg
            class="h-5 w-5 mr-2"
            fill="none"
            stroke="currentColor"
            viewBox="0 0 24 24"
          >
            <path
              d="M10 19l-7-7m0 0l7-7m-7 7h18"
              stroke-linecap="round"
              stroke-linejoin="round"
              stroke-width="2"
            />
          </svg>
          Back
        </button>
      </div>
    </div>
    <div
      class="bg-white rounded-lg shadow-md overflow-hidden"
    >
      <table
        class="min-w-full divide-y divide-gray-200"
      >
        <thead
          class="bg-gray-50"
        >
          <tr>
            <th
              class="px-6 py-3 text-left text-xs font-medium text-gray-500 uppercase tracking-wider"
              scope="col"
            >
              ID
            </th>
            <th
              class="px-6 py-3 text-left text-xs font-medium text-gray-500 uppercase tracking-wider"
              scope="col"
            >
              Created At
            </th>
            <th
              class="px-6 py-3 text-left text-xs font-medium text-gray-500 uppercase tracking-wider"
              scope="col"
            >
              Revision
            </th>
          </tr>
        </thead>
        <tbody
          class="bg-white divide-y divide-gray-200"
        >
          <tr
            class="cursor-pointer hover:bg-gray-100 "
          >
            <td
              class="px-6 py-4 whitespace-nowrap"
            >
              test-id-1
            </td>
            <td
              class="px-6 py-4 whitespace-nowrap"
            >
              1/1/2023, 12:00:00 PM
            </td>
            <td
              class="px-6 py-4 whitespace-nowrap"
            >
              1
            </td>
          </tr>
          <tr
            class="cursor-pointer hover:bg-gray-100 "
          >
            <td
              class="px-6 py-4 whitespace-nowrap"
            >
              test-id-2
            </td>
            <td
              class="px-6 py-4 whitespace-nowrap"
            >
              1/2/2023, 12:00:00 PM
            </td>
            <td
              class="px-6 py-4 whitespace-nowrap"
            >
              2
            </td>
          </tr>
        </tbody>
      </table>
    </div>
    <div
      class="flex justify-between items-center mt-8"
    >
      <p
        class="text-sm text-gray-500"
      >
        Showing 
        2
         of 
        2
         entries
      </p>
      <div
        class="flex space-x-2 items-center"
      >
        <button
          class="text-gray-600 px-4 py-2 rounded-lg bg-white hover:bg-gray-50 disabled:opacity-50 transition-all shadow-sm"
          disabled=""
        >
          «
        </button>
        <div
          class="text-sm text-gray-600"
        >
          Page 
          1
           of 
          1
        </div>
        <button
          class="text-gray-600 px-4 py-2 rounded-lg bg-white hover:bg-gray-50 disabled:opacity-50 transition-all shadow-sm"
          disabled=""
        >
          »
        </button>
      </div>
    </div>
  </div>
</div>
`;
