// Vitest Snapshot v1, https://vitest.dev/guide/snapshot.html

exports[`<BackButton /> > renders correctly 1`] = `
<div>
  <button
    class="flex items-center px-4 py-2 bg-blue-500 text-white rounded hover:bg-blue-600 transition-colors"
  >
    <svg
      class="h-5 w-5 mr-2"
      fill="none"
      stroke="currentColor"
      viewBox="0 0 24 24"
    >
      <path
        d="M10 19l-7-7m0 0l7-7m-7 7h18"
        stroke-linecap="round"
        stroke-linejoin="round"
        stroke-width="2"
      />
    </svg>
    Back
  </button>
</div>
`;
