// Vitest Snapshot v1, https://vitest.dev/guide/snapshot.html

exports[`<Search /> > rendering: component renders without crashing 1`] = `
<div>
  <div
    class="flex flex-col md:flex-row justify-between items-center space-y-4 md:space-y-0 md:space-x-4"
  >
    <input
      class="w-full md:w-3/4 p-4 rounded-full border-0 focus:ring-2 focus:ring-indigo-300 transition text-gray-700 text-lg"
      placeholder="Search by ID or type..."
      type="text"
      value=""
    />
    <button
      class="w-full md:w-auto px-10 py-4 bg-indigo-600 text-white text-lg font-semibold rounded-full shadow-lg hover:bg-indigo-700 transition-all duration-300 ease-in-out"
    >
      Search
    </button>
  </div>
</div>
`;
